2025-09-07T11:46:52.5716434Z Current runner version: '2.328.0'
2025-09-07T11:46:52.5740372Z ##[group]Runner Image Provisioner
2025-09-07T11:46:52.5741182Z Hosted Compute Agent
2025-09-07T11:46:52.5741714Z Version: 20250829.383
2025-09-07T11:46:52.5742404Z Commit: 27cb235aab5b0e52e153a26cd86b4742e89dac5d
2025-09-07T11:46:52.5743089Z Build Date: 2025-08-29T13:48:48Z
2025-09-07T11:46:52.5743643Z ##[endgroup]
2025-09-07T11:46:52.5744271Z ##[group]Operating System
2025-09-07T11:46:52.5744799Z Ubuntu
2025-09-07T11:46:52.5745279Z 24.04.3
2025-09-07T11:46:52.5745943Z LTS
2025-09-07T11:46:52.5746429Z ##[endgroup]
2025-09-07T11:46:52.5746928Z ##[group]Runner Image
2025-09-07T11:46:52.5747520Z Image: ubuntu-24.04
2025-09-07T11:46:52.5748041Z Version: 20250831.1.0
2025-09-07T11:46:52.5749000Z Included Software: https://github.com/actions/runner-images/blob/ubuntu24/20250831.1/images/ubuntu/Ubuntu2404-Readme.md
2025-09-07T11:46:52.5750619Z Image Release: https://github.com/actions/runner-images/releases/tag/ubuntu24%2F20250831.1
2025-09-07T11:46:52.5751635Z ##[endgroup]
2025-09-07T11:46:52.5753989Z ##[group]GITHUB_TOKEN Permissions
2025-09-07T11:46:52.5756537Z Actions: read
2025-09-07T11:46:52.5757213Z Attestations: read
2025-09-07T11:46:52.5757716Z Checks: read
2025-09-07T11:46:52.5758201Z Contents: read
2025-09-07T11:46:52.5758639Z Deployments: read
2025-09-07T11:46:52.5759227Z Discussions: read
2025-09-07T11:46:52.5759735Z Issues: read
2025-09-07T11:46:52.5760198Z Metadata: read
2025-09-07T11:46:52.5760723Z Models: read
2025-09-07T11:46:52.5761219Z Packages: read
2025-09-07T11:46:52.5761674Z Pages: read
2025-09-07T11:46:52.5762218Z PullRequests: read
2025-09-07T11:46:52.5762786Z RepositoryProjects: read
2025-09-07T11:46:52.5763307Z SecurityEvents: read
2025-09-07T11:46:52.5763982Z Statuses: read
2025-09-07T11:46:52.5764448Z ##[endgroup]
2025-09-07T11:46:52.5766892Z Secret source: None
2025-09-07T11:46:52.5767939Z Prepare workflow directory
2025-09-07T11:46:52.6106689Z Prepare all required actions
2025-09-07T11:46:52.6145671Z Getting action download info
2025-09-07T11:46:53.0276872Z Download action repository 'actions/checkout@v4' (SHA:08eba0b27e820071cde6df949e0beb9ba4906955)
2025-09-07T11:46:53.2032424Z Download action repository 'actions/setup-go@v5' (SHA:d35c59abb061a4a6fb18e82ac0862c26744d6ab5)
2025-09-07T11:46:53.7432662Z Download action repository 'actions/cache@v4' (SHA:0400d5f644dc74513175e3cd8d07132dd4860809)
2025-09-07T11:46:53.8410313Z Download action repository 'codecov/codecov-action@v4' (SHA:b9fd7d16f6d7d1b5d2bec1a2887e65ceed900238)
2025-09-07T11:46:54.3593091Z Complete job name: coverage-test
2025-09-07T11:46:54.4370923Z ##[group]Run actions/checkout@v4
2025-09-07T11:46:54.4372198Z with:
2025-09-07T11:46:54.4372949Z   repository: alibaba/higress
2025-09-07T11:46:54.4374139Z   token: ***
2025-09-07T11:46:54.4374869Z   ssh-strict: true
2025-09-07T11:46:54.4375864Z   ssh-user: git
2025-09-07T11:46:54.4376658Z   persist-credentials: true
2025-09-07T11:46:54.4377536Z   clean: true
2025-09-07T11:46:54.4378309Z   sparse-checkout-cone-mode: true
2025-09-07T11:46:54.4379293Z   fetch-depth: 1
2025-09-07T11:46:54.4380062Z   fetch-tags: false
2025-09-07T11:46:54.4380828Z   show-progress: true
2025-09-07T11:46:54.4381615Z   lfs: false
2025-09-07T11:46:54.4382330Z   submodules: false
2025-09-07T11:46:54.4383119Z   set-safe-directory: true
2025-09-07T11:46:54.4384315Z ##[endgroup]
2025-09-07T11:46:54.5455096Z Syncing repository: alibaba/higress
2025-09-07T11:46:54.5458140Z ##[group]Getting Git version info
2025-09-07T11:46:54.5460319Z Working directory is '/home/runner/work/higress/higress'
2025-09-07T11:46:54.5463295Z [command]/usr/bin/git version
2025-09-07T11:46:54.5539078Z git version 2.51.0
2025-09-07T11:46:54.5572087Z ##[endgroup]
2025-09-07T11:46:54.5586827Z Temporarily overriding HOME='/home/runner/work/_temp/5a219d0a-e91c-49e0-a0ec-a4cc80d152df' before making global git config changes
2025-09-07T11:46:54.5589612Z Adding repository directory to the temporary git global config as a safe directory
2025-09-07T11:46:54.5592287Z [command]/usr/bin/git config --global --add safe.directory /home/runner/work/higress/higress
2025-09-07T11:46:54.5625786Z Deleting the contents of '/home/runner/work/higress/higress'
2025-09-07T11:46:54.5629109Z ##[group]Initializing the repository
2025-09-07T11:46:54.5633032Z [command]/usr/bin/git init /home/runner/work/higress/higress
2025-09-07T11:46:54.5748225Z hint: Using 'master' as the name for the initial branch. This default branch name
2025-09-07T11:46:54.5751460Z hint: is subject to change. To configure the initial branch name to use in all
2025-09-07T11:46:54.5754399Z hint: of your new repositories, which will suppress this warning, call:
2025-09-07T11:46:54.5756209Z hint:
2025-09-07T11:46:54.5757176Z hint: 	git config --global init.defaultBranch <name>
2025-09-07T11:46:54.5758923Z hint:
2025-09-07T11:46:54.5760087Z hint: Names commonly chosen instead of 'master' are 'main', 'trunk' and
2025-09-07T11:46:54.5761871Z hint: 'development'. The just-created branch can be renamed via this command:
2025-09-07T11:46:54.5763793Z hint:
2025-09-07T11:46:54.5764647Z hint: 	git branch -m <name>
2025-09-07T11:46:54.5765818Z hint:
2025-09-07T11:46:54.5767156Z hint: Disable this message with "git config set advice.defaultBranchName false"
2025-09-07T11:46:54.5769100Z Initialized empty Git repository in /home/runner/work/higress/higress/.git/
2025-09-07T11:46:54.5772434Z [command]/usr/bin/git remote add origin https://github.com/alibaba/higress
2025-09-07T11:46:54.5806779Z ##[endgroup]
2025-09-07T11:46:54.5808543Z ##[group]Disabling automatic garbage collection
2025-09-07T11:46:54.5810251Z [command]/usr/bin/git config --local gc.auto 0
2025-09-07T11:46:54.5840598Z ##[endgroup]
2025-09-07T11:46:54.5843454Z ##[group]Setting up auth
2025-09-07T11:46:54.5848148Z [command]/usr/bin/git config --local --name-only --get-regexp core\.sshCommand
2025-09-07T11:46:54.5881752Z [command]/usr/bin/git submodule foreach --recursive sh -c "git config --local --name-only --get-regexp 'core\.sshCommand' && git config --local --unset-all 'core.sshCommand' || :"
2025-09-07T11:46:54.6263055Z [command]/usr/bin/git config --local --name-only --get-regexp http\.https\:\/\/github\.com\/\.extraheader
2025-09-07T11:46:54.6298500Z [command]/usr/bin/git submodule foreach --recursive sh -c "git config --local --name-only --get-regexp 'http\.https\:\/\/github\.com\/\.extraheader' && git config --local --unset-all 'http.https://github.com/.extraheader' || :"
2025-09-07T11:46:54.6543197Z [command]/usr/bin/git config --local http.https://github.com/.extraheader AUTHORIZATION: basic ***
2025-09-07T11:46:54.6578681Z ##[endgroup]
2025-09-07T11:46:54.6581726Z ##[group]Fetching the repository
2025-09-07T11:46:54.6590983Z [command]/usr/bin/git -c protocol.version=2 fetch --no-tags --prune --no-recurse-submodules --depth=1 origin +e6a06911c6783201f94dcf8972a3c644cd326c93:refs/remotes/pull/2867/merge
2025-09-07T11:46:56.2374971Z From https://github.com/alibaba/higress
2025-09-07T11:46:56.2377164Z  * [new ref]         e6a06911c6783201f94dcf8972a3c644cd326c93 -> pull/2867/merge
2025-09-07T11:46:56.2407585Z ##[endgroup]
2025-09-07T11:46:56.2408481Z ##[group]Determining the checkout info
2025-09-07T11:46:56.2410133Z ##[endgroup]
2025-09-07T11:46:56.2415256Z [command]/usr/bin/git sparse-checkout disable
2025-09-07T11:46:56.2454199Z [command]/usr/bin/git config --local --unset-all extensions.worktreeConfig
2025-09-07T11:46:56.2483074Z ##[group]Checking out the ref
2025-09-07T11:46:56.2487629Z [command]/usr/bin/git checkout --progress --force refs/remotes/pull/2867/merge
2025-09-07T11:46:56.6457365Z Note: switching to 'refs/remotes/pull/2867/merge'.
2025-09-07T11:46:56.6458337Z 
2025-09-07T11:46:56.6459804Z You are in 'detached HEAD' state. You can look around, make experimental
2025-09-07T11:46:56.6460789Z changes and commit them, and you can discard any commits you make in this
2025-09-07T11:46:56.6461819Z state without impacting any branches by switching back to a branch.
2025-09-07T11:46:56.6462368Z 
2025-09-07T11:46:56.6462941Z If you want to create a new branch to retain commits you create, you may
2025-09-07T11:46:56.6464183Z do so (now or later) by using -c with the switch command. Example:
2025-09-07T11:46:56.6464778Z 
2025-09-07T11:46:56.6465010Z   git switch -c <new-branch-name>
2025-09-07T11:46:56.6465546Z 
2025-09-07T11:46:56.6465977Z Or undo this operation with:
2025-09-07T11:46:56.6466320Z 
2025-09-07T11:46:56.6466524Z   git switch -
2025-09-07T11:46:56.6466820Z 
2025-09-07T11:46:56.6467310Z Turn off this advice by setting config variable advice.detachedHead to false
2025-09-07T11:46:56.6467902Z 
2025-09-07T11:46:56.6468640Z HEAD is now at e6a0691 Merge 023c796d9858721de0832ae1259cbf6c16d971c2 into 20b68c039ca346b6b1590fa6cd37255f8cc08939
2025-09-07T11:46:56.6481161Z ##[endgroup]
2025-09-07T11:46:56.6519091Z [command]/usr/bin/git log -1 --format=%H
2025-09-07T11:46:56.6540861Z e6a06911c6783201f94dcf8972a3c644cd326c93
2025-09-07T11:46:56.6846027Z ##[group]Run actions/setup-go@v5
2025-09-07T11:46:56.6846561Z with:
2025-09-07T11:46:56.6846931Z   go-version: 1.22
2025-09-07T11:46:56.6847329Z   check-latest: false
2025-09-07T11:46:56.6848060Z   token: ***
2025-09-07T11:46:56.6848458Z   cache: true
2025-09-07T11:46:56.6848859Z ##[endgroup]
2025-09-07T11:46:56.8480688Z Setup go version spec 1.22
2025-09-07T11:46:56.8716534Z Found in cache @ /opt/hostedtoolcache/go/1.22.12/x64
2025-09-07T11:46:56.8717078Z Added go to the path
2025-09-07T11:46:56.8717436Z Successfully set up Go version 1.22
2025-09-07T11:46:57.6321510Z [command]/opt/hostedtoolcache/go/1.22.12/x64/bin/go env GOMODCACHE
2025-09-07T11:46:57.6357263Z [command]/opt/hostedtoolcache/go/1.22.12/x64/bin/go env GOCACHE
2025-09-07T11:46:57.6507397Z /home/runner/.cache/go-build
2025-09-07T11:46:57.6510045Z /home/runner/go/pkg/mod
2025-09-07T11:46:57.7955536Z Cache is not found
2025-09-07T11:46:57.7977127Z go version go1.22.12 linux/amd64
2025-09-07T11:46:57.7977330Z 
2025-09-07T11:46:57.7977650Z ##[group]go env
2025-09-07T11:46:57.9333120Z GO111MODULE=''
2025-09-07T11:46:57.9333539Z GOARCH='amd64'
2025-09-07T11:46:57.9333887Z GOBIN=''
2025-09-07T11:46:57.9334245Z GOCACHE='/home/runner/.cache/go-build'
2025-09-07T11:46:57.9334710Z GOENV='/home/runner/.config/go/env'
2025-09-07T11:46:57.9335096Z GOEXE=''
2025-09-07T11:46:57.9335684Z GOEXPERIMENT=''
2025-09-07T11:46:57.9336021Z GOFLAGS=''
2025-09-07T11:46:57.9336333Z GOHOSTARCH='amd64'
2025-09-07T11:46:57.9336657Z GOHOSTOS='linux'
2025-09-07T11:46:57.9336990Z GOINSECURE=''
2025-09-07T11:46:57.9337360Z GOMODCACHE='/home/runner/go/pkg/mod'
2025-09-07T11:46:57.9337807Z GONOPROXY=''
2025-09-07T11:46:57.9338138Z GONOSUMDB=''
2025-09-07T11:46:57.9338449Z GOOS='linux'
2025-09-07T11:46:57.9338763Z GOPATH='/home/runner/go'
2025-09-07T11:46:57.9339140Z GOPRIVATE=''
2025-09-07T11:46:57.9339543Z GOPROXY='https://proxy.golang.org,direct'
2025-09-07T11:46:57.9340173Z GOROOT='/opt/hostedtoolcache/go/1.22.12/x64'
2025-09-07T11:46:57.9340699Z GOSUMDB='sum.golang.org'
2025-09-07T11:46:57.9341078Z GOTMPDIR=''
2025-09-07T11:46:57.9341394Z GOTOOLCHAIN='auto'
2025-09-07T11:46:57.9341936Z GOTOOLDIR='/opt/hostedtoolcache/go/1.22.12/x64/pkg/tool/linux_amd64'
2025-09-07T11:46:57.9342520Z GOVCS=''
2025-09-07T11:46:57.9342796Z GOVERSION='go1.22.12'
2025-09-07T11:46:57.9343107Z GCCGO='gccgo'
2025-09-07T11:46:57.9343394Z GOAMD64='v1'
2025-09-07T11:46:57.9343674Z AR='ar'
2025-09-07T11:46:57.9343931Z CC='gcc'
2025-09-07T11:46:57.9344170Z CXX='g++'
2025-09-07T11:46:57.9344433Z CGO_ENABLED='1'
2025-09-07T11:46:57.9344815Z GOMOD='/home/runner/work/higress/higress/go.mod'
2025-09-07T11:46:57.9345266Z GOWORK=''
2025-09-07T11:46:57.9345773Z CGO_CFLAGS='-O2 -g'
2025-09-07T11:46:57.9346096Z CGO_CPPFLAGS=''
2025-09-07T11:46:57.9346403Z CGO_CXXFLAGS='-O2 -g'
2025-09-07T11:46:57.9346734Z CGO_FFLAGS='-O2 -g'
2025-09-07T11:46:57.9347052Z CGO_LDFLAGS='-O2 -g'
2025-09-07T11:46:57.9347405Z PKG_CONFIG='pkg-config'
2025-09-07T11:46:57.9348515Z GOGCCFLAGS='-fPIC -m64 -pthread -Wl,--no-gc-sections -fmessage-length=0 -ffile-prefix-map=/tmp/go-build553743846=/tmp/go-build -gno-record-gcc-switches'
2025-09-07T11:46:57.9349453Z 
2025-09-07T11:46:57.9349951Z ##[endgroup]
2025-09-07T11:46:57.9486080Z ##[group]Run actions/cache@v4
2025-09-07T11:46:57.9486350Z with:
2025-09-07T11:46:57.9486553Z   path: ~/.cache/go-build
~/go/pkg/mod
2025-09-07T11:46:57.9486812Z   key: Linux-go-17528084081
2025-09-07T11:46:57.9487036Z   restore-keys: Linux-go
2025-09-07T11:46:57.9487250Z   enableCrossOsArchive: false
2025-09-07T11:46:57.9487482Z   fail-on-cache-miss: false
2025-09-07T11:46:57.9487685Z   lookup-only: false
2025-09-07T11:46:57.9487877Z   save-always: false
2025-09-07T11:46:57.9488060Z ##[endgroup]
2025-09-07T11:46:58.2214756Z Cache hit for restore-key: Linux-go-17527165440
2025-09-07T11:46:59.3964227Z Received 75497472 of 1709457701 (4.4%), 72.0 MBs/sec
2025-09-07T11:47:00.4688923Z Received 268435456 of 1709457701 (15.7%), 123.6 MBs/sec
2025-09-07T11:47:01.4724876Z Received 461373440 of 1709457701 (27.0%), 143.0 MBs/sec
2025-09-07T11:47:02.5371706Z Received 671088640 of 1709457701 (39.3%), 154.6 MBs/sec
2025-09-07T11:47:03.5371098Z Received 872415232 of 1709457701 (51.0%), 161.9 MBs/sec
2025-09-07T11:47:04.6132093Z Received 1073741824 of 1709457701 (62.8%), 164.7 MBs/sec
2025-09-07T11:47:05.6162866Z Received 1249902592 of 1709457701 (73.1%), 165.1 MBs/sec
2025-09-07T11:47:06.6169872Z Received 1447034880 of 1709457701 (84.6%), 167.9 MBs/sec
2025-09-07T11:47:07.6181183Z Received 1610612736 of 1709457701 (94.2%), 166.6 MBs/sec
2025-09-07T11:47:08.1034259Z Received 1709457701 of 1709457701 (100.0%), 168.0 MBs/sec
2025-09-07T11:47:08.1035528Z Cache Size: ~1630 MB (1709457701 B)
2025-09-07T11:47:08.1080821Z [command]/usr/bin/tar -xf /home/runner/work/_temp/aa0021bc-97aa-46c4-84b9-ea260f6ef40a/cache.tzst -P -C /home/runner/work/higress/higress --use-compress-program unzstd
2025-09-07T11:47:27.8033594Z Cache restored successfully
2025-09-07T11:47:28.1027767Z Cache restored from key: Linux-go-17527165440
2025-09-07T11:47:28.1144571Z ##[group]Run git stash
2025-09-07T11:47:28.1144875Z [36;1mgit stash[0m
2025-09-07T11:47:28.1200453Z shell: /usr/bin/bash -e {0}
2025-09-07T11:47:28.1200729Z ##[endgroup]
2025-09-07T11:47:28.4728968Z No local changes to save
2025-09-07T11:47:28.4764315Z ##[group]Run go version
2025-09-07T11:47:28.4764600Z [36;1mgo version[0m
2025-09-07T11:47:28.4764964Z [36;1mGOPROXY="https://proxy.golang.org,direct" make go.test.coverage[0m
2025-09-07T11:47:28.4795951Z shell: /usr/bin/bash -e {0}
2025-09-07T11:47:28.4796195Z ##[endgroup]
2025-09-07T11:47:28.4867926Z go version go1.22.12 linux/amd64
2025-09-07T11:47:28.5599801Z git submodule update --init
2025-09-07T11:47:28.6011009Z Submodule 'envoy/envoy' (https://github.com/higress-group/envoy) registered for path 'envoy/envoy'
2025-09-07T11:47:28.6015682Z Submodule 'envoy/go-control-plane' (https://github.com/higress-group/go-control-plane) registered for path 'envoy/go-control-plane'
2025-09-07T11:47:28.6019913Z Submodule 'istio/api' (https://github.com/higress-group/api) registered for path 'istio/api'
2025-09-07T11:47:28.6024179Z Submodule 'istio/client-go' (https://github.com/higress-group/client-go) registered for path 'istio/client-go'
2025-09-07T11:47:28.6028804Z Submodule 'istio/istio' (https://github.com/higress-group/istio) registered for path 'istio/istio'
2025-09-07T11:47:28.6032728Z Submodule 'istio/pkg' (https://github.com/higress-group/pkg) registered for path 'istio/pkg'
2025-09-07T11:47:28.6037704Z Submodule 'istio/proxy' (https://github.com/higress-group/proxy) registered for path 'istio/proxy'
2025-09-07T11:47:28.6063314Z Cloning into '/home/runner/work/higress/higress/envoy/envoy'...
2025-09-07T11:47:31.8277986Z Cloning into '/home/runner/work/higress/higress/envoy/go-control-plane'...
2025-09-07T11:47:33.1808557Z Cloning into '/home/runner/work/higress/higress/istio/api'...
2025-09-07T11:47:33.9206961Z Cloning into '/home/runner/work/higress/higress/istio/client-go'...
2025-09-07T11:47:34.2617935Z Cloning into '/home/runner/work/higress/higress/istio/istio'...
2025-09-07T11:47:35.5717741Z Cloning into '/home/runner/work/higress/higress/istio/pkg'...
2025-09-07T11:47:35.9997674Z Cloning into '/home/runner/work/higress/higress/istio/proxy'...
2025-09-07T11:47:37.1399455Z Submodule path 'envoy/envoy': checked out '7f18940fbc390f7ca1be76d86dd8615c4c5009ce'
2025-09-07T11:47:37.2801067Z Submodule path 'envoy/go-control-plane': checked out '0ab56e249a3446c6fbdc39be9d45b9e3fd3a2e3e'
2025-09-07T11:47:37.3404982Z Submodule path 'istio/api': checked out 'd54f2e0f423d136b51fa4aeddccdb98c09c41ab2'
2025-09-07T11:47:37.3655523Z Submodule path 'istio/client-go': checked out '9b3841d7dec61c18b474c3d3f2349cf81187e52d'
2025-09-07T11:47:37.7132651Z Submodule path 'istio/istio': checked out 'fa8896cf3372218cf41b9b2b37c9134aae88874c'
2025-09-07T11:47:37.7378787Z Submodule path 'istio/pkg': checked out '15c662994e6515201dc106a2ec3de85ed50e8078'
2025-09-07T11:47:37.7660749Z Submodule path 'istio/proxy': checked out 'ced6d8167a01fe1c1630b3df0ac39e1b563f05dc'
2025-09-07T11:47:37.7667611Z ./tools/hack/prebuild.sh
2025-09-07T11:47:40.2420016Z go test ./cmd/... ./pkg/... -race -coverprofile=coverage.xml -covermode=atomic
2025-09-07T11:47:46.5367155Z 	github.com/alibaba/higress/cmd/higress		coverage: 0.0% of statements
2025-09-07T11:47:50.7962980Z 	github.com/alibaba/higress/pkg/cmd/options		coverage: 0.0% of statements
2025-09-07T11:47:50.8014912Z 	github.com/alibaba/higress/pkg/cmd/version		coverage: 0.0% of statements
2025-09-07T11:47:50.8072549Z 	github.com/alibaba/higress/pkg/common		coverage: 0.0% of statements
2025-09-07T11:47:50.8103601Z ?   	github.com/alibaba/higress/pkg/config	[no test files]
2025-09-07T11:47:50.8110304Z ?   	github.com/alibaba/higress/pkg/config/constants	[no test files]
2025-09-07T11:47:59.6507514Z 	github.com/alibaba/higress/pkg/ingress/kube/gateway		coverage: 0.0% of statements
2025-09-07T11:47:59.6509902Z 	github.com/alibaba/higress/pkg/ingress/kube/controller		coverage: 0.0% of statements
2025-09-07T11:48:02.7723403Z 	github.com/alibaba/higress/pkg/ingress/kube/http2rpc		coverage: 0.0% of statements
2025-09-07T11:48:10.2547388Z 	github.com/alibaba/higress/pkg/ingress/kube/mcpbridge		coverage: 0.0% of statements
2025-09-07T11:48:14.1856768Z 	github.com/alibaba/higress/pkg/ingress/kube/wasmplugin		coverage: 0.0% of statements
2025-09-07T11:48:14.1878694Z ?   	github.com/alibaba/higress/pkg/ingress/log	[no test files]
2025-09-07T11:48:16.7806734Z 	github.com/alibaba/higress/pkg/ingress/translation		coverage: 0.0% of statements
2025-09-07T11:48:16.7843018Z 	github.com/alibaba/higress/pkg/kube		coverage: 0.0% of statements
2025-09-07T11:48:52.1722093Z ok  	github.com/alibaba/higress/pkg/bootstrap	61.356s	coverage: 50.8% of statements
2025-09-07T11:48:52.1723008Z ok  	github.com/alibaba/higress/pkg/cert	1.153s	coverage: 18.5% of statements
2025-09-07T11:48:52.1723865Z ok  	github.com/alibaba/higress/pkg/cmd	6.238s	coverage: 9.0% of statements
2025-09-07T11:48:52.1724821Z ok  	github.com/alibaba/higress/pkg/ingress/config	1.220s	coverage: 17.4% of statements
2025-09-07T11:48:52.1726138Z ok  	github.com/alibaba/higress/pkg/ingress/kube/annotations	2.452s	coverage: 84.9% of statements
2025-09-07T11:48:52.1727333Z ok  	github.com/alibaba/higress/pkg/ingress/kube/common	1.148s	coverage: 54.4% of statements
2025-09-07T11:48:52.1728440Z ok  	github.com/alibaba/higress/pkg/ingress/kube/configmap	1.181s	coverage: 41.1% of statements
2025-09-07T11:48:52.1729599Z ok  	github.com/alibaba/higress/pkg/ingress/kube/gateway/istio	5.078s	coverage: 79.3% of statements
2025-09-07T11:48:52.1730726Z ok  	github.com/alibaba/higress/pkg/ingress/kube/ingress	4.211s	coverage: 51.4% of statements
2025-09-07T11:48:52.1731815Z ok  	github.com/alibaba/higress/pkg/ingress/kube/ingressv1	1.130s	coverage: 5.5% of statements
2025-09-07T11:48:52.1732905Z ok  	github.com/alibaba/higress/pkg/ingress/kube/kingress	1.189s	coverage: 36.2% of statements
2025-09-07T11:48:52.1733838Z ok  	github.com/alibaba/higress/pkg/ingress/kube/kingress/resources	1.048s	coverage: 89.7% of statements
2025-09-07T11:48:52.1734614Z ok  	github.com/alibaba/higress/pkg/ingress/kube/mcpserver	1.020s	coverage: 100.0% of statements
2025-09-07T11:48:52.1735484Z ok  	github.com/alibaba/higress/pkg/ingress/kube/secret	3.199s	coverage: 28.2% of statements
2025-09-07T11:48:52.1736737Z ok  	github.com/alibaba/higress/pkg/ingress/kube/util	1.114s	coverage: 30.6% of statements
2025-09-07T11:48:52.1737730Z ok  	github.com/alibaba/higress/pkg/ingress/mcp	1.131s	coverage: 61.7% of statements
2025-09-07T11:48:52.2616548Z ##[group]Run codecov/codecov-action@v4
2025-09-07T11:48:52.2616836Z with:
2025-09-07T11:48:52.2617023Z   fail_ci_if_error: false
2025-09-07T11:48:52.2617243Z   files: ./coverage.xml
2025-09-07T11:48:52.2617448Z   verbose: true
2025-09-07T11:48:52.2617642Z ##[endgroup]
2025-09-07T11:48:52.3476216Z eventName: pull_request
2025-09-07T11:48:52.3477379Z baseRef: alibaba:main | headRef: Aias00:feat/default_gzip_on
2025-09-07T11:48:52.3478054Z ==> Fork detected, tokenless uploading used
2025-09-07T11:48:52.3486443Z ==> linux OS detected
2025-09-07T11:48:52.6870056Z https://cli.codecov.io/latest/linux/codecov.SHA256SUM
2025-09-07T11:48:52.7641366Z Received SHA256SUM b0edd0c4ab2659327b15d90440880bdc3ae94953434d9a07b2f5f06bebddb921  codecov
2025-09-07T11:48:52.8312038Z Received SHA256SUM signature -----BEGIN PGP SIGNATURE-----
2025-09-07T11:48:52.8312740Z 
2025-09-07T11:48:52.8343836Z iQIzBAABCgAdFiEEJwNOf9uFDgu8LGL/gGuyiu13mGkFAminRYgACgkQgGuyiu13
2025-09-07T11:48:52.8344841Z mGmWkhAAkYC7IoyjeiVheUT3WcW8Gjcvbtr78B2VghJcVA4l7FUdK3mHA4EMqvjn
2025-09-07T11:48:52.8345905Z iXPFb5OS3smwsxmf2ERVYUgoGACtNq1+6UIquJ/8eL0C4U1jW3jDUi24JarHf5ir
2025-09-07T11:48:52.8346790Z KfQ59yRJUpoHBxpshgsO9MfnfJ5T7M4bgPW0TTwg61txaummQzctwrDJYJ76F+72
2025-09-07T11:48:52.8347668Z kgVwFcR4ZOlT+ugP7EBwgKtJPm+jltAHqhqJzRaSq4LYB//Un8ianOrUDu3uLCGJ
2025-09-07T11:48:52.8348447Z IZy2tzM0PQmtFuQ7dZBRLoHABDHJPyjoQ5jSqm4nyCNxLoXm4UQ3Qd92N1Ep7mUf
2025-09-07T11:48:52.8349224Z ip57pAqrW6qoKvgQKJEKxdgY+fNl5aHgqVXB9zQx9XRZlmSU9m+RC6Qyc7yJV4bH
2025-09-07T11:48:52.8350088Z YuANU/yMnNzN8j73Tg+zMUszGlSf4IPTYvsquCyUTTt4wX5v5uz5oPNUMVZ1oqC/
2025-09-07T11:48:52.8350941Z sTBClzEorb1I3YMmWlc4GpMhOF3zCATc00PdVPsy52ilRF3jz158tuD1X7RMNHmw
2025-09-07T11:48:52.8351791Z KlLntzyr4hPUs2aetOMh1ZASz/gBx0IOQJCLzSlqv9Y4q9t/Kthcy2r6SittuPe1
2025-09-07T11:48:52.8352624Z I9XspYdk/5A62v5oJ1Vnyh9yTlkEB9edjUlsEIfvnewKn7ag6FjN7lsbapnttM4X
2025-09-07T11:48:52.8353379Z RlO1YB07P9x/G3Zgh+tVlBYkogcPuK9V6WT6mhNwj2II1LdfV6Q=
2025-09-07T11:48:52.8353880Z =92UE
2025-09-07T11:48:52.8354208Z -----END PGP SIGNATURE-----
2025-09-07T11:48:52.8354499Z 
2025-09-07T11:48:52.8793825Z gpg: directory '/home/runner/.gnupg' created
2025-09-07T11:48:52.8827799Z gpg: keybox '/home/runner/.gnupg/pubring.kbx' created
2025-09-07T11:48:52.8960398Z gpg: /home/runner/.gnupg/trustdb.gpg: trustdb created
2025-09-07T11:48:52.8961480Z gpg: key 806BB28AED779869: public key "Codecov Uploader (Codecov Uploader Verification Key) <security@codecov.io>" imported
2025-09-07T11:48:52.9273829Z gpg: Total number processed: 1
2025-09-07T11:48:52.9274296Z gpg:               imported: 1
2025-09-07T11:48:52.9326532Z gpg: Signature made Thu Aug 21 16:12:56 2025 UTC
2025-09-07T11:48:52.9327185Z gpg:                using RSA key 27034E7FDB850E0BBC2C62FF806BB28AED779869
2025-09-07T11:48:52.9329606Z gpg: Good signature from "Codecov Uploader (Codecov Uploader Verification Key) <security@codecov.io>" [unknown]
2025-09-07T11:48:52.9330490Z gpg: WARNING: This key is not certified with a trusted signature!
2025-09-07T11:48:52.9330975Z gpg:          There is no indication that the signature belongs to the owner.
2025-09-07T11:48:52.9331482Z Primary key fingerprint: 2703 4E7F DB85 0E0B BC2C  62FF 806B B28A ED77 9869
2025-09-07T11:48:52.9554873Z ==> Uploader SHASUM verified (b0edd0c4ab2659327b15d90440880bdc3ae94953434d9a07b2f5f06bebddb921  codecov)
2025-09-07T11:48:52.9555829Z ==> Running version latest
2025-09-07T11:48:53.0520337Z Could not pull latest version information: SyntaxError: Unexpected token '<', "<!DOCTYPE "... is not valid JSON
2025-09-07T11:48:53.0522070Z ==> Running git config --global --add safe.directory /home/runner/work/higress/higress
2025-09-07T11:48:53.0554565Z [command]/usr/bin/git config --global --add safe.directory /home/runner/work/higress/higress
2025-09-07T11:48:53.0604504Z ==> Running command '/home/runner/work/_actions/codecov/codecov-action/v4/dist/codecov -v create-commit'
2025-09-07T11:48:53.0607336Z [command]/home/runner/work/_actions/codecov/codecov-action/v4/dist/codecov -v create-commit --git-service github -B Aias00:feat/default_gzip_on -C 023c796d9858721de0832ae1259cbf6c16d971c2
2025-09-07T11:48:53.4213350Z info - 2025-09-07 11:48:53,420 -- ci service found: github-actions
2025-09-07T11:48:53.4248712Z debug - 2025-09-07 11:48:53,424 -- versioning system found: <class 'codecov_cli.helpers.versioning_systems.GitVersioningSystem'>
2025-09-07T11:48:53.4280609Z debug - 2025-09-07 11:48:53,427 -- versioning system found: <class 'codecov_cli.helpers.versioning_systems.GitVersioningSystem'>
2025-09-07T11:48:53.4314208Z debug - 2025-09-07 11:48:53,431 -- Loading config from /home/runner/work/higress/higress/codecov.yml
2025-09-07T11:48:53.4655542Z debug - 2025-09-07 11:48:53,464 -- Starting create commit process --- {"verbose": true, "auto_load_params_from": null, "codecov_yml_path": null, "enterprise_url": null, "disable_telem": false, "version": "cli-11.2.0", "command": "create-commit", "git_service": "github", "branch": "Aias00:feat/default_gzip_on", "commit_sha": "023c796d9858721de0832ae1259cbf6c16d971c2", "parent_sha": null, "pull_request_number": "2867", "fail_on_error": false, "slug": "alibaba/higress"}
2025-09-07T11:48:53.4657720Z info - 2025-09-07 11:48:53,465 -- Creating a commit for an unprotected branch: Aias00:feat/default_gzip_on
2025-09-07T11:48:53.8551532Z info - 2025-09-07 11:48:53,854 -- Process Commit creating complete
2025-09-07T11:48:53.8553208Z debug - 2025-09-07 11:48:53,854 -- Commit creating result --- {"result": "RequestResult(error=None, warnings=[], status_code=202, text='{\"status\":\"queued\"}\\n')"}
2025-09-07T11:48:53.9571961Z Sentry is attempting to send 2 pending events
2025-09-07T11:48:53.9572349Z Waiting up to 2 seconds
2025-09-07T11:48:53.9572609Z Press Ctrl-C to quit
2025-09-07T11:48:54.0333042Z ==> Running command '/home/runner/work/_actions/codecov/codecov-action/v4/dist/codecov -v create-report'
2025-09-07T11:48:54.0335608Z [command]/home/runner/work/_actions/codecov/codecov-action/v4/dist/codecov -v create-report --git-service github -C 023c796d9858721de0832ae1259cbf6c16d971c2
2025-09-07T11:48:54.3866682Z info - 2025-09-07 11:48:54,386 -- ci service found: github-actions
2025-09-07T11:48:54.3899290Z debug - 2025-09-07 11:48:54,389 -- versioning system found: <class 'codecov_cli.helpers.versioning_systems.GitVersioningSystem'>
2025-09-07T11:48:54.3929721Z debug - 2025-09-07 11:48:54,392 -- versioning system found: <class 'codecov_cli.helpers.versioning_systems.GitVersioningSystem'>
2025-09-07T11:48:54.3961000Z debug - 2025-09-07 11:48:54,395 -- Loading config from /home/runner/work/higress/higress/codecov.yml
2025-09-07T11:48:54.4285522Z debug - 2025-09-07 11:48:54,428 -- Starting create report process --- {"verbose": true, "auto_load_params_from": null, "codecov_yml_path": null, "enterprise_url": null, "disable_telem": false, "version": "cli-11.2.0", "command": "create-report", "git_service": "github", "commit_sha": "023c796d9858721de0832ae1259cbf6c16d971c2", "code": "default", "pull_request_number": "2867", "fail_on_error": false, "slug": "alibaba/higress"}
2025-09-07T11:48:54.8769996Z info - 2025-09-07 11:48:54,876 -- Process Report creating complete
2025-09-07T11:48:54.8776395Z debug - 2025-09-07 11:48:54,877 -- Report creating result --- {"result": "RequestResult(error=None, warnings=[], status_code=202, text='{\"status\":\"queued\"}\\n')"}
2025-09-07T11:48:54.8777857Z info - 2025-09-07 11:48:54,877 -- Finished creating report successfully --- {"response": "{\"status\":\"queued\"}\n"}
2025-09-07T11:48:54.9794204Z Sentry is attempting to send 2 pending events
2025-09-07T11:48:54.9794541Z Waiting up to 2 seconds
2025-09-07T11:48:54.9794781Z Press Ctrl-C to quit
2025-09-07T11:48:55.0590047Z ==> Running command '/home/runner/work/_actions/codecov/codecov-action/v4/dist/codecov -v do-upload'
2025-09-07T11:48:55.0592028Z [command]/home/runner/work/_actions/codecov/codecov-action/v4/dist/codecov -v do-upload -f ./coverage.xml --git-service github -C 023c796d9858721de0832ae1259cbf6c16d971c2
2025-09-07T11:48:55.4058323Z info - 2025-09-07 11:48:55,405 -- ci service found: github-actions
2025-09-07T11:48:55.4092283Z debug - 2025-09-07 11:48:55,408 -- versioning system found: <class 'codecov_cli.helpers.versioning_systems.GitVersioningSystem'>
2025-09-07T11:48:55.4122703Z debug - 2025-09-07 11:48:55,411 -- versioning system found: <class 'codecov_cli.helpers.versioning_systems.GitVersioningSystem'>
2025-09-07T11:48:55.4155729Z debug - 2025-09-07 11:48:55,415 -- Loading config from /home/runner/work/higress/higress/codecov.yml
2025-09-07T11:48:55.4488439Z debug - 2025-09-07 11:48:55,447 -- Starting upload processing --- {"verbose": true, "auto_load_params_from": null, "codecov_yml_path": null, "enterprise_url": null, "disable_telem": false, "version": "cli-11.2.0", "command": "do-upload", "git_service": "github", "commit_sha": "023c796d9858721de0832ae1259cbf6c16d971c2", "report_code": "default", "network_root_folder": "/home/runner/work/higress/higress", "files_search_root_folder": "/home/runner/work/higress/higress", "files_search_exclude_folders": [], "recurse_submodules": false, "disable_search": false, "disable_file_fixes": false, "build_code": "17528084081", "build_url": "https://github.com/alibaba/higress/actions/runs/17528084081", "job_code": "Build and Test", "name": "17528084081", "branch": "feat/default_gzip_on", "pull_request_number": "2867", "env_vars": {}, "flags": [], "plugin_names": ["xcode", "gcov", "pycoverage"], "dry_run": false, "use_legacy_uploader": false, "handle_no_reports_found": false, "report_type_str": "coverage", "network_filter": null, "network_prefix": null, "gcov_args": null, "gcov_ignore": null, "gcov_include": null, "gcov_executable": null, "swift_project": null, "fail_on_error": false, "slug": "alibaba/higress"}
2025-09-07T11:48:55.4495756Z debug - 2025-09-07 11:48:55,448 -- Selected preparation plugins --- {"selected_plugins": ["<class 'codecov_cli.plugins.xcode.XcodePlugin'>", "<class 'codecov_cli.plugins.gcov.GcovPlugin'>", "<class 'codecov_cli.plugins.pycoverage.Pycoverage'>"], "cli_config": {}}
2025-09-07T11:48:55.4497679Z debug - 2025-09-07 11:48:55,448 -- Running preparation plugin: <class 'codecov_cli.plugins.xcode.XcodePlugin'>
2025-09-07T11:48:55.4498563Z debug - 2025-09-07 11:48:55,448 -- Running xcode plugin...
2025-09-07T11:48:55.4499239Z warning - 2025-09-07 11:48:55,448 -- xcrun is not installed or can't be found.
2025-09-07T11:48:55.4500144Z debug - 2025-09-07 11:48:55,449 -- Running preparation plugin: <class 'codecov_cli.plugins.gcov.GcovPlugin'>
2025-09-07T11:48:55.4500977Z debug - 2025-09-07 11:48:55,449 -- Running gcov plugin...
2025-09-07T11:48:55.4501612Z debug - 2025-09-07 11:48:55,449 -- Translating `*.gcno` into `(?s:[^/]*\.gcno)\Z`
2025-09-07T11:48:56.1058989Z warning - 2025-09-07 11:48:56,105 -- No gcov data found.
2025-09-07T11:48:56.1059861Z debug - 2025-09-07 11:48:56,105 -- Running preparation plugin: <class 'codecov_cli.plugins.pycoverage.Pycoverage'>
2025-09-07T11:48:56.1063566Z warning - 2025-09-07 11:48:56,106 -- coverage.py is not installed or can't be found.
2025-09-07T11:48:56.1064487Z debug - 2025-09-07 11:48:56,106 -- Collecting relevant files
2025-09-07T11:48:56.1159018Z debug - 2025-09-07 11:48:56,115 -- Translating `*.*js` into `(?s:[^/]*\.[^/]*js)\Z`
2025-09-07T11:48:56.1159935Z debug - 2025-09-07 11:48:56,115 -- Translating `*.SHA256SUM` into `(?s:[^/]*\.SHA256SUM)\Z`
2025-09-07T11:48:56.1160811Z debug - 2025-09-07 11:48:56,115 -- Translating `*.am` into `(?s:[^/]*\.am)\Z`
2025-09-07T11:48:56.1161665Z debug - 2025-09-07 11:48:56,115 -- Translating `*.bash` into `(?s:[^/]*\.bash)\Z`
2025-09-07T11:48:56.1162479Z debug - 2025-09-07 11:48:56,116 -- Translating `*.bat` into `(?s:[^/]*\.bat)\Z`
2025-09-07T11:48:56.1163447Z debug - 2025-09-07 11:48:56,116 -- Translating `*.bw` into `(?s:[^/]*\.bw)\Z`
2025-09-07T11:48:56.1164638Z debug - 2025-09-07 11:48:56,116 -- Translating `*.cfg` into `(?s:[^/]*\.cfg)\Z`
2025-09-07T11:48:56.1165779Z debug - 2025-09-07 11:48:56,116 -- Translating `*.class` into `(?s:[^/]*\.class)\Z`
2025-09-07T11:48:56.1166908Z debug - 2025-09-07 11:48:56,116 -- Translating `*.cmake` into `(?s:[^/]*\.cmake)\Z`
2025-09-07T11:48:56.1167795Z debug - 2025-09-07 11:48:56,116 -- Translating `*.conf` into `(?s:[^/]*\.conf)\Z`
2025-09-07T11:48:56.1168692Z debug - 2025-09-07 11:48:56,116 -- Translating `*.coverage` into `(?s:[^/]*\.coverage)\Z`
2025-09-07T11:48:56.1169561Z debug - 2025-09-07 11:48:56,116 -- Translating `*.cp` into `(?s:[^/]*\.cp)\Z`
2025-09-07T11:48:56.1170346Z debug - 2025-09-07 11:48:56,116 -- Translating `*.cpp` into `(?s:[^/]*\.cpp)\Z`
2025-09-07T11:48:56.1171196Z debug - 2025-09-07 11:48:56,116 -- Translating `*.crt` into `(?s:[^/]*\.crt)\Z`
2025-09-07T11:48:56.1172013Z debug - 2025-09-07 11:48:56,116 -- Translating `*.csg` into `(?s:[^/]*\.csg)\Z`
2025-09-07T11:48:56.1172825Z debug - 2025-09-07 11:48:56,117 -- Translating `*.css` into `(?s:[^/]*\.css)\Z`
2025-09-07T11:48:56.1173628Z debug - 2025-09-07 11:48:56,117 -- Translating `*.csv` into `(?s:[^/]*\.csv)\Z`
2025-09-07T11:48:56.1174446Z debug - 2025-09-07 11:48:56,117 -- Translating `*.dart` into `(?s:[^/]*\.dart)\Z`
2025-09-07T11:48:56.1175283Z debug - 2025-09-07 11:48:56,117 -- Translating `*.data` into `(?s:[^/]*\.data)\Z`
2025-09-07T11:48:56.1176319Z debug - 2025-09-07 11:48:56,117 -- Translating `*.db` into `(?s:[^/]*\.db)\Z`
2025-09-07T11:48:56.1177128Z debug - 2025-09-07 11:48:56,117 -- Translating `*.dox` into `(?s:[^/]*\.dox)\Z`
2025-09-07T11:48:56.1177916Z debug - 2025-09-07 11:48:56,117 -- Translating `*.ec` into `(?s:[^/]*\.ec)\Z`
2025-09-07T11:48:56.1178698Z debug - 2025-09-07 11:48:56,117 -- Translating `*.egg` into `(?s:[^/]*\.egg)\Z`
2025-09-07T11:48:56.1179573Z debug - 2025-09-07 11:48:56,117 -- Translating `*.egg-info` into `(?s:[^/]*\.egg\-info)\Z`
2025-09-07T11:48:56.1180425Z debug - 2025-09-07 11:48:56,117 -- Translating `*.el` into `(?s:[^/]*\.el)\Z`
2025-09-07T11:48:56.1181228Z debug - 2025-09-07 11:48:56,117 -- Translating `*.env` into `(?s:[^/]*\.env)\Z`
2025-09-07T11:48:56.1182018Z debug - 2025-09-07 11:48:56,117 -- Translating `*.erb` into `(?s:[^/]*\.erb)\Z`
2025-09-07T11:48:56.1182818Z debug - 2025-09-07 11:48:56,118 -- Translating `*.err` into `(?s:[^/]*\.err)\Z`
2025-09-07T11:48:56.1183604Z debug - 2025-09-07 11:48:56,118 -- Translating `*.exe` into `(?s:[^/]*\.exe)\Z`
2025-09-07T11:48:56.1184437Z debug - 2025-09-07 11:48:56,118 -- Translating `*.feature` into `(?s:[^/]*\.feature)\Z`
2025-09-07T11:48:56.1185294Z debug - 2025-09-07 11:48:56,118 -- Translating `*.ftl` into `(?s:[^/]*\.ftl)\Z`
2025-09-07T11:48:56.1186304Z debug - 2025-09-07 11:48:56,118 -- Translating `*.gif` into `(?s:[^/]*\.gif)\Z`
2025-09-07T11:48:56.1187115Z debug - 2025-09-07 11:48:56,118 -- Translating `*.go` into `(?s:[^/]*\.go)\Z`
2025-09-07T11:48:56.1187935Z debug - 2025-09-07 11:48:56,118 -- Translating `*.gradle` into `(?s:[^/]*\.gradle)\Z`
2025-09-07T11:48:56.1188774Z debug - 2025-09-07 11:48:56,118 -- Translating `*.gz` into `(?s:[^/]*\.gz)\Z`
2025-09-07T11:48:56.1189543Z debug - 2025-09-07 11:48:56,118 -- Translating `*.h` into `(?s:[^/]*\.h)\Z`
2025-09-07T11:48:56.1190330Z debug - 2025-09-07 11:48:56,118 -- Translating `*.html` into `(?s:[^/]*\.html)\Z`
2025-09-07T11:48:56.1191126Z debug - 2025-09-07 11:48:56,118 -- Translating `*.in` into `(?s:[^/]*\.in)\Z`
2025-09-07T11:48:56.1191926Z debug - 2025-09-07 11:48:56,118 -- Translating `*.jade` into `(?s:[^/]*\.jade)\Z`
2025-09-07T11:48:56.1192783Z debug - 2025-09-07 11:48:56,119 -- Translating `*.jar*` into `(?s:[^/]*\.jar[^/]*)\Z`
2025-09-07T11:48:56.1193630Z debug - 2025-09-07 11:48:56,119 -- Translating `*.jpeg` into `(?s:[^/]*\.jpeg)\Z`
2025-09-07T11:48:56.1194432Z debug - 2025-09-07 11:48:56,119 -- Translating `*.jpg` into `(?s:[^/]*\.jpg)\Z`
2025-09-07T11:48:56.1195205Z debug - 2025-09-07 11:48:56,119 -- Translating `*.js` into `(?s:[^/]*\.js)\Z`
2025-09-07T11:48:56.1196172Z debug - 2025-09-07 11:48:56,119 -- Translating `*.less` into `(?s:[^/]*\.less)\Z`
2025-09-07T11:48:56.1197243Z debug - 2025-09-07 11:48:56,119 -- Translating `*.library` into `(?s:[^/]*\.library)\Z`
2025-09-07T11:48:56.1198087Z debug - 2025-09-07 11:48:56,119 -- Translating `*.log` into `(?s:[^/]*\.log)\Z`
2025-09-07T11:48:56.1199050Z debug - 2025-09-07 11:48:56,119 -- Translating `*.m4` into `(?s:[^/]*\.m4)\Z`
2025-09-07T11:48:56.1199898Z debug - 2025-09-07 11:48:56,119 -- Translating `*.mak*` into `(?s:[^/]*\.mak[^/]*)\Z`
2025-09-07T11:48:56.1200705Z debug - 2025-09-07 11:48:56,119 -- Translating `*.map` into `(?s:[^/]*\.map)\Z`
2025-09-07T11:48:56.1201486Z debug - 2025-09-07 11:48:56,119 -- Translating `*.md` into `(?s:[^/]*\.md)\Z`
2025-09-07T11:48:56.1202300Z debug - 2025-09-07 11:48:56,119 -- Translating `*.module` into `(?s:[^/]*\.module)\Z`
2025-09-07T11:48:56.1203125Z debug - 2025-09-07 11:48:56,120 -- Translating `*.mp4` into `(?s:[^/]*\.mp4)\Z`
2025-09-07T11:48:56.1203882Z debug - 2025-09-07 11:48:56,120 -- Translating `*.o` into `(?s:[^/]*\.o)\Z`
2025-09-07T11:48:56.1204670Z debug - 2025-09-07 11:48:56,120 -- Translating `*.p12` into `(?s:[^/]*\.p12)\Z`
2025-09-07T11:48:56.1205628Z debug - 2025-09-07 11:48:56,120 -- Translating `*.pem` into `(?s:[^/]*\.pem)\Z`
2025-09-07T11:48:56.1206441Z debug - 2025-09-07 11:48:56,120 -- Translating `*.png` into `(?s:[^/]*\.png)\Z`
2025-09-07T11:48:56.1207252Z debug - 2025-09-07 11:48:56,120 -- Translating `*.pom*` into `(?s:[^/]*\.pom[^/]*)\Z`
2025-09-07T11:48:56.1208130Z debug - 2025-09-07 11:48:56,120 -- Translating `*.profdata` into `(?s:[^/]*\.profdata)\Z`
2025-09-07T11:48:56.1209003Z debug - 2025-09-07 11:48:56,120 -- Translating `*.proto` into `(?s:[^/]*\.proto)\Z`
2025-09-07T11:48:56.1209877Z debug - 2025-09-07 11:48:56,120 -- Translating `*.prototxt` into `(?s:[^/]*\.prototxt)\Z`
2025-09-07T11:48:56.1210716Z debug - 2025-09-07 11:48:56,120 -- Translating `*.ps1` into `(?s:[^/]*\.ps1)\Z`
2025-09-07T11:48:56.1211681Z debug - 2025-09-07 11:48:56,120 -- Translating `*.pth` into `(?s:[^/]*\.pth)\Z`
2025-09-07T11:48:56.1212515Z debug - 2025-09-07 11:48:56,120 -- Translating `*.py` into `(?s:[^/]*\.py)\Z`
2025-09-07T11:48:56.1213303Z debug - 2025-09-07 11:48:56,121 -- Translating `*.pyc` into `(?s:[^/]*\.pyc)\Z`
2025-09-07T11:48:56.1214089Z debug - 2025-09-07 11:48:56,121 -- Translating `*.pyo` into `(?s:[^/]*\.pyo)\Z`
2025-09-07T11:48:56.1214896Z debug - 2025-09-07 11:48:56,121 -- Translating `*.rake` into `(?s:[^/]*\.rake)\Z`
2025-09-07T11:48:56.1215923Z debug - 2025-09-07 11:48:56,121 -- Translating `*.rb` into `(?s:[^/]*\.rb)\Z`
2025-09-07T11:48:56.1216721Z debug - 2025-09-07 11:48:56,121 -- Translating `*.rsp` into `(?s:[^/]*\.rsp)\Z`
2025-09-07T11:48:56.1217505Z debug - 2025-09-07 11:48:56,121 -- Translating `*.rst` into `(?s:[^/]*\.rst)\Z`
2025-09-07T11:48:56.1218273Z debug - 2025-09-07 11:48:56,121 -- Translating `*.ru` into `(?s:[^/]*\.ru)\Z`
2025-09-07T11:48:56.1219049Z debug - 2025-09-07 11:48:56,121 -- Translating `*.sbt` into `(?s:[^/]*\.sbt)\Z`
2025-09-07T11:48:56.1219845Z debug - 2025-09-07 11:48:56,121 -- Translating `*.scss` into `(?s:[^/]*\.scss)\Z`
2025-09-07T11:48:56.1220737Z debug - 2025-09-07 11:48:56,121 -- Translating `*.serialized` into `(?s:[^/]*\.serialized)\Z`
2025-09-07T11:48:56.1221599Z debug - 2025-09-07 11:48:56,121 -- Translating `*.sh` into `(?s:[^/]*\.sh)\Z`
2025-09-07T11:48:56.1222455Z debug - 2025-09-07 11:48:56,121 -- Translating `*.sha256sum` into `(?s:[^/]*\.sha256sum)\Z`
2025-09-07T11:48:56.1223375Z debug - 2025-09-07 11:48:56,122 -- Translating `*.snapshot` into `(?s:[^/]*\.snapshot)\Z`
2025-09-07T11:48:56.1224337Z debug - 2025-09-07 11:48:56,122 -- Translating `*.sql` into `(?s:[^/]*\.sql)\Z`
2025-09-07T11:48:56.1225130Z debug - 2025-09-07 11:48:56,122 -- Translating `*.svg` into `(?s:[^/]*\.svg)\Z`
2025-09-07T11:48:56.1226129Z debug - 2025-09-07 11:48:56,122 -- Translating `*.tar.tz` into `(?s:[^/]*\.tar\.tz)\Z`
2025-09-07T11:48:56.1227074Z debug - 2025-09-07 11:48:56,122 -- Translating `*.template` into `(?s:[^/]*\.template)\Z`
2025-09-07T11:48:56.1228147Z debug - 2025-09-07 11:48:56,122 -- Translating `*.ts` into `(?s:[^/]*\.ts)\Z`
2025-09-07T11:48:56.1228944Z debug - 2025-09-07 11:48:56,122 -- Translating `*.whl` into `(?s:[^/]*\.whl)\Z`
2025-09-07T11:48:56.1229976Z debug - 2025-09-07 11:48:56,122 -- Translating `*.xcconfig` into `(?s:[^/]*\.xcconfig)\Z`
2025-09-07T11:48:56.1230969Z debug - 2025-09-07 11:48:56,122 -- Translating `*.xcoverage.*` into `(?s:[^/]*\.xcoverage\.[^/]*)\Z`
2025-09-07T11:48:56.1231904Z debug - 2025-09-07 11:48:56,122 -- Translating `*.yaml` into `(?s:[^/]*\.yaml)\Z`
2025-09-07T11:48:56.1232702Z debug - 2025-09-07 11:48:56,122 -- Translating `*.yml` into `(?s:[^/]*\.yml)\Z`
2025-09-07T11:48:56.1233491Z debug - 2025-09-07 11:48:56,122 -- Translating `*.zip` into `(?s:[^/]*\.zip)\Z`
2025-09-07T11:48:56.1234500Z debug - 2025-09-07 11:48:56,123 -- Translating `*/classycle/report.xml` into `(?s:[^/]+/classycle/report\.xml)\Z`
2025-09-07T11:48:56.1235759Z debug - 2025-09-07 11:48:56,123 -- Translating `*codecov.yml` into `(?s:[^/]*codecov\.yml)\Z`
2025-09-07T11:48:56.1236629Z debug - 2025-09-07 11:48:56,123 -- Translating `*~` into `(?s:[^/]*\~)\Z`
2025-09-07T11:48:56.1237501Z debug - 2025-09-07 11:48:56,123 -- Translating `.*coveragerc` into `(?s:\.[^/]*coveragerc)\Z`
2025-09-07T11:48:56.1238434Z debug - 2025-09-07 11:48:56,123 -- Translating `.coverage*` into `(?s:\.coverage[^/]*)\Z`
2025-09-07T11:48:56.1239318Z debug - 2025-09-07 11:48:56,123 -- Translating `.ds_store` into `(?s:\.ds_store)\Z`
2025-09-07T11:48:56.1240158Z debug - 2025-09-07 11:48:56,123 -- Translating `.git*` into `(?s:\.git[^/]*)\Z`
2025-09-07T11:48:56.1240946Z debug - 2025-09-07 11:48:56,123 -- Translating `.nvmrc` into `(?s:\.nvmrc)\Z`
2025-09-07T11:48:56.1241855Z debug - 2025-09-07 11:48:56,123 -- Translating `codecov.SHA256SUM` into `(?s:codecov\.SHA256SUM)\Z`
2025-09-07T11:48:56.1242960Z debug - 2025-09-07 11:48:56,123 -- Translating `codecov.SHA256SUM.sig` into `(?s:codecov\.SHA256SUM\.sig)\Z`
2025-09-07T11:48:56.1243998Z debug - 2025-09-07 11:48:56,123 -- Translating `codecov.yaml` into `(?s:codecov\.yaml)\Z`
2025-09-07T11:48:56.1245063Z debug - 2025-09-07 11:48:56,124 -- Translating `coverage-summary.json` into `(?s:coverage\-summary\.json)\Z`
2025-09-07T11:48:56.1246380Z debug - 2025-09-07 11:48:56,124 -- Translating `createdFiles.lst` into `(?s:createdFiles\.lst)\Z`
2025-09-07T11:48:56.1247470Z debug - 2025-09-07 11:48:56,124 -- Translating `fullLocaleNames.lst` into `(?s:fullLocaleNames\.lst)\Z`
2025-09-07T11:48:56.1248477Z debug - 2025-09-07 11:48:56,124 -- Translating `include.lst` into `(?s:include\.lst)\Z`
2025-09-07T11:48:56.1249425Z debug - 2025-09-07 11:48:56,124 -- Translating `inputFiles.lst` into `(?s:inputFiles\.lst)\Z`
2025-09-07T11:48:56.1250555Z debug - 2025-09-07 11:48:56,124 -- Translating `phpunit-code-coverage.xml` into `(?s:phpunit\-code\-coverage\.xml)\Z`
2025-09-07T11:48:56.1251782Z debug - 2025-09-07 11:48:56,124 -- Translating `phpunit-coverage.xml` into `(?s:phpunit\-coverage\.xml)\Z`
2025-09-07T11:48:56.1253087Z debug - 2025-09-07 11:48:56,124 -- Translating `remapInstanbul.coverage*.json` into `(?s:remapInstanbul\.coverage[^/]*\.json)\Z`
2025-09-07T11:48:56.1254434Z debug - 2025-09-07 11:48:56,125 -- Translating `scoverage.measurements.*` into `(?s:scoverage\.measurements\.[^/]*)\Z`
2025-09-07T11:48:56.1255974Z debug - 2025-09-07 11:48:56,125 -- Translating `test-result-*-codecoverage.json` into `(?s:test\-result\-[^/]*\-codecoverage\.json)\Z`
2025-09-07T11:48:56.1257250Z debug - 2025-09-07 11:48:56,125 -- Translating `test_*_coverage.txt` into `(?s:test_[^/]*_coverage\.txt)\Z`
2025-09-07T11:48:56.1258383Z debug - 2025-09-07 11:48:56,125 -- Translating `testrunner-coverage*` into `(?s:testrunner\-coverage[^/]*)\Z`
2025-09-07T11:48:56.1311148Z debug - 2025-09-07 11:48:56,130 -- Translating `coverage.xml` into `(?s:coverage\.xml)\Z`
2025-09-07T11:48:56.1314886Z debug - 2025-09-07 11:48:56,131 -- Translating `/home/runner/work/higress/higress/coverage.xml` into `(?s:/home/runner/work/higress/higress/coverage\.xml)\Z`
2025-09-07T11:48:56.7811427Z debug - 2025-09-07 11:48:56,780 -- Translating `*.clover` into `(?s:[^/]*\.clover)\Z`
2025-09-07T11:48:56.7814264Z debug - 2025-09-07 11:48:56,780 -- Translating `*.codecov.*` into `(?s:[^/]*\.codecov\.[^/]*)\Z`
2025-09-07T11:48:56.7817208Z debug - 2025-09-07 11:48:56,780 -- Translating `*.gcov` into `(?s:[^/]*\.gcov)\Z`
2025-09-07T11:48:56.7818135Z debug - 2025-09-07 11:48:56,780 -- Translating `*.lcov` into `(?s:[^/]*\.lcov)\Z`
2025-09-07T11:48:56.7818981Z debug - 2025-09-07 11:48:56,781 -- Translating `*.lst` into `(?s:[^/]*\.lst)\Z`
2025-09-07T11:48:56.7819914Z debug - 2025-09-07 11:48:56,781 -- Translating `*coverage*.*` into `(?s:[^/]*coverage[^/]*\.[^/]*)\Z`
2025-09-07T11:48:56.7820931Z debug - 2025-09-07 11:48:56,781 -- Translating `*Jacoco*.xml` into `(?s:[^/]*Jacoco[^/]*\.xml)\Z`
2025-09-07T11:48:56.7821877Z debug - 2025-09-07 11:48:56,781 -- Translating `clover.xml` into `(?s:clover\.xml)\Z`
2025-09-07T11:48:56.7822807Z debug - 2025-09-07 11:48:56,781 -- Translating `cobertura.xml` into `(?s:cobertura\.xml)\Z`
2025-09-07T11:48:56.7823892Z debug - 2025-09-07 11:48:56,781 -- Translating `codecov-result.json` into `(?s:codecov\-result\.json)\Z`
2025-09-07T11:48:56.7824898Z debug - 2025-09-07 11:48:56,781 -- Translating `codecov.*` into `(?s:codecov\.[^/]*)\Z`
2025-09-07T11:48:56.7825963Z debug - 2025-09-07 11:48:56,781 -- Translating `cover.out` into `(?s:cover\.out)\Z`
2025-09-07T11:48:56.7826954Z debug - 2025-09-07 11:48:56,781 -- Translating `coverage-final.json` into `(?s:coverage\-final\.json)\Z`
2025-09-07T11:48:56.7828022Z debug - 2025-09-07 11:48:56,782 -- Translating `excoveralls.json` into `(?s:excoveralls\.json)\Z`
2025-09-07T11:48:56.7829033Z debug - 2025-09-07 11:48:56,782 -- Translating `gcov.info` into `(?s:gcov\.info)\Z`
2025-09-07T11:48:56.7829932Z debug - 2025-09-07 11:48:56,782 -- Translating `jacoco*.xml` into `(?s:jacoco[^/]*\.xml)\Z`
2025-09-07T11:48:56.7830808Z debug - 2025-09-07 11:48:56,782 -- Translating `lcov.dat` into `(?s:lcov\.dat)\Z`
2025-09-07T11:48:56.7831658Z debug - 2025-09-07 11:48:56,782 -- Translating `pylcov.dat` into `(?s:pylcov\.dat)\Z`
2025-09-07T11:48:56.7832535Z debug - 2025-09-07 11:48:56,782 -- Translating `lcov.info` into `(?s:lcov\.info)\Z`
2025-09-07T11:48:56.7833499Z debug - 2025-09-07 11:48:56,782 -- Translating `luacov.report.out` into `(?s:luacov\.report\.out)\Z`
2025-09-07T11:48:56.7834454Z debug - 2025-09-07 11:48:56,782 -- Translating `naxsi.info` into `(?s:naxsi\.info)\Z`
2025-09-07T11:48:56.7835535Z debug - 2025-09-07 11:48:56,782 -- Translating `nosetests.xml` into `(?s:nosetests\.xml)\Z`
2025-09-07T11:48:56.7836434Z debug - 2025-09-07 11:48:56,782 -- Translating `report.xml` into `(?s:report\.xml)\Z`
2025-09-07T11:48:56.7837309Z debug - 2025-09-07 11:48:56,782 -- Translating `test_cov.xml` into `(?s:test_cov\.xml)\Z`
2025-09-07T11:48:57.5867837Z info - 2025-09-07 11:48:57,586 -- Found 5 coverage files to report
2025-09-07T11:48:57.5868789Z debug - 2025-09-07 11:48:57,586 -- Found 1851 network files to report, (1851 without filtering)
2025-09-07T11:48:57.5870039Z info - 2025-09-07 11:48:57,586 -- > /home/runner/work/higress/higress/external/envoy/ci/repokitteh/modules/coverage.star
2025-09-07T11:48:57.5871446Z info - 2025-09-07 11:48:57,586 -- > /home/runner/work/higress/higress/external/envoy/test/tools/router_check/coverage.cc
2025-09-07T11:48:57.5872493Z info - 2025-09-07 11:48:57,586 -- > /home/runner/work/higress/higress/coverage.xml
2025-09-07T11:48:57.5873586Z info - 2025-09-07 11:48:57,586 -- > /home/runner/work/higress/higress/envoy/envoy/test/tools/router_check/coverage.cc
2025-09-07T11:48:57.5874804Z info - 2025-09-07 11:48:57,587 -- > /home/runner/work/higress/higress/envoy/envoy/ci/repokitteh/modules/coverage.star
2025-09-07T11:48:57.5876435Z debug - 2025-09-07 11:48:57,587 -- Selected uploader to use: <class 'codecov_cli.services.upload.upload_sender.UploadSender'>
2025-09-07T11:48:57.5978987Z debug - 2025-09-07 11:48:57,597 -- Sending upload request to Codecov
2025-09-07T11:48:58.0812169Z info - 2025-09-07 11:48:58,080 -- Your upload is now processing. When finished, results will be available at: https://app.codecov.io/github/alibaba/higress/commit/023c796d9858721de0832ae1259cbf6c16d971c2
2025-09-07T11:48:58.0820827Z debug - 2025-09-07 11:48:58,080 -- Upload request to Codecov complete. --- {"response": {"raw_upload_location": "https://storage.googleapis.com/codecov-production/shelter/github/alibaba%3A%3A%3A%3Ahigress/023c796d9858721de0832ae1259cbf6c16d971c2/5452ebc3-75b3-461f-8724-bbb6ffd0c7f0.txt?X-Amz-Algorithm=AWS4-HMAC-SHA256&X-Amz-Credential=GOOG1EJWQHUGIBILH4J7Q6ZUSCIFNEOLYSNDS7L3B4N5SIBQ2J4YLYE5CRFCD%2F20250907%2Fus%2Fs3%2Faws4_request&X-Amz-Date=20250907T114858Z&X-Amz-Expires=30&X-Amz-SignedHeaders=host&X-Amz-Signature=3659fade50db7dd8ce23af1fc1002fb27f14a7da58869ee29d71285ff3095435", "url": "https://app.codecov.io/github/alibaba/higress/commit/023c796d9858721de0832ae1259cbf6c16d971c2"}}
2025-09-07T11:48:58.0825997Z debug - 2025-09-07 11:48:58,081 -- Sending upload to storage
2025-09-07T11:48:58.5010774Z info - 2025-09-07 11:48:58,500 -- Process Upload complete
2025-09-07T11:48:58.5011837Z debug - 2025-09-07 11:48:58,500 -- Upload result --- {"result": "RequestResult(error=None, warnings=[], status_code=200, text='')"}
2025-09-07T11:48:58.6045074Z Sentry is attempting to send 2 pending events
2025-09-07T11:48:58.6045655Z Waiting up to 2 seconds
2025-09-07T11:48:58.6045936Z Press Ctrl-C to quit
2025-09-07T11:48:58.7025131Z Post job cleanup.
2025-09-07T11:48:58.8558496Z [command]/usr/bin/tar --posix -cf cache.tzst --exclude cache.tzst -P -C /home/runner/work/higress/higress --files-from manifest.txt --use-compress-program zstdmt
2025-09-07T11:49:16.8379271Z Sent 0 of 1707456858 (0.0%), 0.0 MBs/sec
2025-09-07T11:49:17.8367394Z Sent 536870912 of 1707456858 (31.4%), 255.9 MBs/sec
2025-09-07T11:49:18.8377433Z Sent 1207959552 of 1707456858 (70.7%), 383.7 MBs/sec
2025-09-07T11:49:19.8382494Z Sent 1640347994 of 1707456858 (96.1%), 390.7 MBs/sec
2025-09-07T11:49:19.9654670Z Sent 1707456858 of 1707456858 (100.0%), 394.2 MBs/sec
2025-09-07T11:49:20.3628008Z Cache saved with key: Linux-go-17528084081
2025-09-07T11:49:20.3750065Z Post job cleanup.
2025-09-07T11:49:20.5285993Z [command]/opt/hostedtoolcache/go/1.22.12/x64/bin/go env GOMODCACHE
2025-09-07T11:49:20.5323964Z [command]/opt/hostedtoolcache/go/1.22.12/x64/bin/go env GOCACHE
2025-09-07T11:49:20.5350293Z /home/runner/go/pkg/mod
2025-09-07T11:49:20.5379224Z /home/runner/.cache/go-build
2025-09-07T11:49:20.5575574Z [command]/usr/bin/tar --posix -cf cache.tzst --exclude cache.tzst -P -C /home/runner/work/higress/higress --files-from manifest.txt --use-compress-program zstdmt
2025-09-07T11:49:37.1508806Z Failed to save: Unable to reserve cache with key setup-go-Linux-x64-ubuntu24-go-1.22.12-daf44968f9d690123842509264aa9c6cb9ad2f7b553485a9fdc62c849767ebfe, another job may be creating this cache.
2025-09-07T11:49:37.4752065Z Post job cleanup.
2025-09-07T11:49:37.5682387Z [command]/usr/bin/git version
2025-09-07T11:49:37.5801568Z git version 2.51.0
2025-09-07T11:49:37.5839309Z Copying '/home/runner/.gitconfig' to '/home/runner/work/_temp/79f72c3a-92fd-431a-a493-76139484ada7/.gitconfig'
2025-09-07T11:49:37.5849770Z Temporarily overriding HOME='/home/runner/work/_temp/79f72c3a-92fd-431a-a493-76139484ada7' before making global git config changes
2025-09-07T11:49:37.5850976Z Adding repository directory to the temporary git global config as a safe directory
2025-09-07T11:49:37.5855261Z [command]/usr/bin/git config --global --add safe.directory /home/runner/work/higress/higress
2025-09-07T11:49:37.5888301Z [command]/usr/bin/git config --local --name-only --get-regexp core\.sshCommand
2025-09-07T11:49:37.5919688Z [command]/usr/bin/git submodule foreach --recursive sh -c "git config --local --name-only --get-regexp 'core\.sshCommand' && git config --local --unset-all 'core.sshCommand' || :"
2025-09-07T11:49:37.6132620Z Entering 'envoy/envoy'
2025-09-07T11:49:37.6192102Z Entering 'envoy/go-control-plane'
2025-09-07T11:49:37.6236699Z Entering 'istio/api'
2025-09-07T11:49:37.6281091Z Entering 'istio/client-go'
2025-09-07T11:49:37.6323935Z Entering 'istio/istio'
2025-09-07T11:49:37.6374448Z Entering 'istio/pkg'
2025-09-07T11:49:37.6416699Z Entering 'istio/proxy'
2025-09-07T11:49:37.6474457Z [command]/usr/bin/git config --local --name-only --get-regexp http\.https\:\/\/github\.com\/\.extraheader
2025-09-07T11:49:37.6496175Z http.https://github.com/.extraheader
2025-09-07T11:49:37.6508463Z [command]/usr/bin/git config --local --unset-all http.https://github.com/.extraheader
2025-09-07T11:49:37.6538258Z [command]/usr/bin/git submodule foreach --recursive sh -c "git config --local --name-only --get-regexp 'http\.https\:\/\/github\.com\/\.extraheader' && git config --local --unset-all 'http.https://github.com/.extraheader' || :"
2025-09-07T11:49:37.6747659Z Entering 'envoy/envoy'
2025-09-07T11:49:37.6808196Z Entering 'envoy/go-control-plane'
2025-09-07T11:49:37.6854423Z Entering 'istio/api'
2025-09-07T11:49:37.6897603Z Entering 'istio/client-go'
2025-09-07T11:49:37.6940750Z Entering 'istio/istio'
2025-09-07T11:49:37.6992144Z Entering 'istio/pkg'
2025-09-07T11:49:37.7040485Z Entering 'istio/proxy'
2025-09-07T11:49:37.7205044Z Cleaning up orphan processes
